// Jest Snapshot v1, https://goo.gl/fbAQLP

exports[`Sort render Should Sort render correctly 1`] = `
<ul
  className="places__options places__options--custom "
  onClick={[Function]}
>
  <li
    className="places__option places__option--active"
    tabIndex="0"
  >
    Popular
  </li>
  <li
    className="places__option "
    tabIndex="0"
  >
    Price: low to high
  </li>
  <li
    className="places__option "
    tabIndex="0"
  >
    Price: high to low
  </li>
  <li
    className="places__option "
    tabIndex="0"
  >
    Top rated first
  </li>
</ul>
`;
