// Jest Snapshot v1, https://goo.gl/fbAQLP

exports[`FavoritesScreen render Should FavoritesScreen render correctly 1`] = `
<main
  className="page__main page__main--favorites"
>
  <div
    className="page__favorites-container container"
  >
    <section
      className="favorites"
    >
      <h1
        className="favorites__title"
      >
        Saved listing
      </h1>
      
      
      
      <ul
        className="favorites__list"
      >
        <li
          className="favorites__locations-items"
        >
          <div
            className="favorites__locations locations locations--current"
          >
            <div
              className="locations__item"
            >
              <a
                className="locations__item-link"
                href="#"
              >
                <span>
                  Amsterdam
                </span>
              </a>
            </div>
          </div>
          <div
            className="favorites__places"
          >
            <article
              className="favorites__card place-card"
              id={0}
            >
              <div
                className="favorites__image-wrapper place-card__image-wrapper"
              >
                <a
                  href="#"
                >
                  <img
                    alt="Place image"
                    className="place-card__image"
                    height="110"
                    src="img/apartment-small-03.jpg"
                    width="150"
                  />
                </a>
              </div>
              <div
                className="favorites__card-info place-card__info"
              >
                <div
                  className="place-card__price-wrapper"
                >
                  <div
                    className="place-card__price"
                  >
                    <b
                      className="place-card__price-value"
                    >
                      € 
                      100
                    </b>
                    <span
                      className="place-card__price-text"
                    >
                      / night
                    </span>
                  </div>
                  <button
                    className="place-card__bookmark-button place-card__bookmark-button--active button"
                    onClick={[Function]}
                    type="button"
                  >
                    <svg
                      className="place-card__bookmark-icon"
                      height="19"
                      width="18"
                    >
                      <use
                        xlinkHref="#icon-bookmark"
                      />
                    </svg>
                    <span
                      className="visually-hidden"
                    >
                      In bookmarks
                    </span>
                  </button>
                </div>
                <div
                  className="place-card__rating rating"
                >
                  <div
                    className="place-card__stars rating__stars"
                  >
                    <span
                      style={
                        Object {
                          "width": "100%",
                        }
                      }
                    />
                    <span
                      className="visually-hidden"
                    >
                      Rating
                    </span>
                  </div>
                </div>
                <h2
                  className="place-card__name"
                >
                  <a
                    href="#"
                  >
                    Hotel - 0
                  </a>
                </h2>
                <p
                  className="place-card__type"
                >
                  hotel
                </p>
              </div>
            </article>
            <article
              className="favorites__card place-card"
              id={1}
            >
              <div
                className="favorites__image-wrapper place-card__image-wrapper"
              >
                <a
                  href="#"
                >
                  <img
                    alt="Place image"
                    className="place-card__image"
                    height="110"
                    src="img/apartment-small-03.jpg"
                    width="150"
                  />
                </a>
              </div>
              <div
                className="favorites__card-info place-card__info"
              >
                <div
                  className="place-card__price-wrapper"
                >
                  <div
                    className="place-card__price"
                  >
                    <b
                      className="place-card__price-value"
                    >
                      € 
                      100
                    </b>
                    <span
                      className="place-card__price-text"
                    >
                      / night
                    </span>
                  </div>
                  <button
                    className="place-card__bookmark-button place-card__bookmark-button--active button"
                    onClick={[Function]}
                    type="button"
                  >
                    <svg
                      className="place-card__bookmark-icon"
                      height="19"
                      width="18"
                    >
                      <use
                        xlinkHref="#icon-bookmark"
                      />
                    </svg>
                    <span
                      className="visually-hidden"
                    >
                      In bookmarks
                    </span>
                  </button>
                </div>
                <div
                  className="place-card__rating rating"
                >
                  <div
                    className="place-card__stars rating__stars"
                  >
                    <span
                      style={
                        Object {
                          "width": "100%",
                        }
                      }
                    />
                    <span
                      className="visually-hidden"
                    >
                      Rating
                    </span>
                  </div>
                </div>
                <h2
                  className="place-card__name"
                >
                  <a
                    href="#"
                  >
                    Hotel - 1
                  </a>
                </h2>
                <p
                  className="place-card__type"
                >
                  hotel
                </p>
              </div>
            </article>
            <article
              className="favorites__card place-card"
              id={2}
            >
              <div
                className="favorites__image-wrapper place-card__image-wrapper"
              >
                <a
                  href="#"
                >
                  <img
                    alt="Place image"
                    className="place-card__image"
                    height="110"
                    src="img/apartment-small-03.jpg"
                    width="150"
                  />
                </a>
              </div>
              <div
                className="favorites__card-info place-card__info"
              >
                <div
                  className="place-card__price-wrapper"
                >
                  <div
                    className="place-card__price"
                  >
                    <b
                      className="place-card__price-value"
                    >
                      € 
                      100
                    </b>
                    <span
                      className="place-card__price-text"
                    >
                      / night
                    </span>
                  </div>
                  <button
                    className="place-card__bookmark-button place-card__bookmark-button--active button"
                    onClick={[Function]}
                    type="button"
                  >
                    <svg
                      className="place-card__bookmark-icon"
                      height="19"
                      width="18"
                    >
                      <use
                        xlinkHref="#icon-bookmark"
                      />
                    </svg>
                    <span
                      className="visually-hidden"
                    >
                      In bookmarks
                    </span>
                  </button>
                </div>
                <div
                  className="place-card__rating rating"
                >
                  <div
                    className="place-card__stars rating__stars"
                  >
                    <span
                      style={
                        Object {
                          "width": "100%",
                        }
                      }
                    />
                    <span
                      className="visually-hidden"
                    >
                      Rating
                    </span>
                  </div>
                </div>
                <h2
                  className="place-card__name"
                >
                  <a
                    href="#"
                  >
                    Hotel - 2
                  </a>
                </h2>
                <p
                  className="place-card__type"
                >
                  hotel
                </p>
              </div>
            </article>
            <article
              className="favorites__card place-card"
              id={3}
            >
              <div
                className="favorites__image-wrapper place-card__image-wrapper"
              >
                <a
                  href="#"
                >
                  <img
                    alt="Place image"
                    className="place-card__image"
                    height="110"
                    src="img/apartment-small-03.jpg"
                    width="150"
                  />
                </a>
              </div>
              <div
                className="favorites__card-info place-card__info"
              >
                <div
                  className="place-card__price-wrapper"
                >
                  <div
                    className="place-card__price"
                  >
                    <b
                      className="place-card__price-value"
                    >
                      € 
                      100
                    </b>
                    <span
                      className="place-card__price-text"
                    >
                      / night
                    </span>
                  </div>
                  <button
                    className="place-card__bookmark-button place-card__bookmark-button--active button"
                    onClick={[Function]}
                    type="button"
                  >
                    <svg
                      className="place-card__bookmark-icon"
                      height="19"
                      width="18"
                    >
                      <use
                        xlinkHref="#icon-bookmark"
                      />
                    </svg>
                    <span
                      className="visually-hidden"
                    >
                      In bookmarks
                    </span>
                  </button>
                </div>
                <div
                  className="place-card__rating rating"
                >
                  <div
                    className="place-card__stars rating__stars"
                  >
                    <span
                      style={
                        Object {
                          "width": "100%",
                        }
                      }
                    />
                    <span
                      className="visually-hidden"
                    >
                      Rating
                    </span>
                  </div>
                </div>
                <h2
                  className="place-card__name"
                >
                  <a
                    href="#"
                  >
                    Hotel - 3
                  </a>
                </h2>
                <p
                  className="place-card__type"
                >
                  hotel
                </p>
              </div>
            </article>
            <p />
          </div>
        </li>
      </ul>
      
      
    </section>
  </div>
</main>
`;

exports[`FavoritesScreen render Should FavoritesScreen without offers render correctly 1`] = `
<main
  className="page__main page__main--favorites page__main--favorites-empty"
>
  <div
    className="page__favorites-container container"
  >
    <section
      className="favorites favorites--empty"
    >
      <h1
        className="visually-hidden"
      >
        Favorites (empty)
      </h1>
      <div
        className="favorites__status-wrapper"
      >
        <b
          className="favorites__status"
        >
          Nothing yet saved.
        </b>
        <p
          className="favorites__status-description"
        >
          Save properties to narrow down search or plan yor future trips.
        </p>
      </div>
    </section>
  </div>
</main>
`;
